// Jest Snapshot v1, https://goo.gl/fbAQLP

exports[`Button renders without any error 1`] = `
<button
  className="Button"
/>
`;
