// Jest Snapshot v1, https://goo.gl/fbAQLP

exports[`Button should render without issues 1`] = `
<button
  className="Button"
/>
`;
